// Jest Snapshot v1, https://goo.gl/fbAQLP

exports[`matches snapshot 1`] = `
<DocumentFragment>
  <div>
    <div
      class="TodoList-form"
    >
      <h2>
        Add a task
      </h2>
      <div>
        <form>
          <div>
            <label
              for="task"
            >
              New Task
            </label>
            <input
              id="task"
              name="task"
              placeholder="Task"
              type="text"
              value=""
            />
          </div>
          <button
            class="NewTodoForm-btn"
          >
            Add Task
          </button>
        </form>
      </div>
    </div>
    <hr />
    <ul
      class="TodoList"
    />
  </div>
</DocumentFragment>
`;
